test_level: parse
text: |-
  void puts(int string);

  void a() {
  }

  int b(int a, char b) {
    return 1;
  }

  int c() {
  }
parse_tree: |
  start
    decl_fun_sig
      void
      puts
      decl_fun_sig_params
        var_sig
          int
          string
    decl_fun
      decl_fun_sig
        void
        a
        decl_fun_sig_params
      block
    decl_fun
      decl_fun_sig
        int
        b
        decl_fun_sig_params
          var_sig
            int
            a
          var_sig
            char
            b
      block
        st_return
          ex_lit
            lit_int	1
    decl_fun
      decl_fun_sig
        int
        c
        decl_fun_sig_params
      block
