test_level: parse
text: |-
  void main() {
      int a;
      int a = 12;
      char a = 'a';
      int a = "asdasd\n\\\"";

      int b = a + (a * (b / c) & d);
      int c = a + (-a * -3);
      int d = b(1, 'a') + c();
      d++;
  }
parse_tree: |
  start
    decl_fun
      decl_fun_sig
        void
        main
        decl_fun_sig_params
      block
        st_var_decl
          var_sig
            int
            a
        st_var_decl
          var_sig
            int
            a
          ex_lit
            lit_int	12
        st_var_decl
          var_sig
            char
            a
          ex_lit
            lit_char	a
        st_var_decl
          var_sig
            int
            a
          ex_lit
            lit_string	asdasd\n\\\"
        st_var_decl
          var_sig
            int
            b
          ex_binary
            ex_rd_var	a
            +
            ex_binary
              ex_binary
                ex_rd_var	a
                *
                ex_binary
                  ex_rd_var	b
                  /
                  ex_rd_var	c
              &
              ex_rd_var	d
        st_var_decl
          var_sig
            int
            c
          ex_binary
            ex_rd_var	a
            +
            ex_binary
              ex_uop
                ex_prefix
                  -
                  ex_rd_var	a
              *
              ex_lit
                lit_int	-3
        st_var_decl
          var_sig
            int
            d
          ex_binary
            ex_call
              b
              ex_lit
                lit_int	1
              ex_lit
                lit_char	a
            +
            ex_call	c
        ex_uop
          ex_postfix
            ex_rd_var	d
            ++
